Archive member included to satisfy reference by file (symbol)

c:/program files (x86)/atmel/studio/7.0/toolchain/avr8/avr8-gnu-toolchain/bin/../lib/gcc/avr/5.4.0/avr5\libgcc.a(_divmodhi4.o)
                              MCAL/TIMER/TIMER.o (__divmodhi4)
c:/program files (x86)/atmel/studio/7.0/toolchain/avr8/avr8-gnu-toolchain/bin/../lib/gcc/avr/5.4.0/avr5\libgcc.a(_udivmodsi4.o)
                              HAL/LCD/LCD.o (__udivmodsi4)
c:/program files (x86)/atmel/studio/7.0/toolchain/avr8/avr8-gnu-toolchain/bin/../lib/gcc/avr/5.4.0/avr5\libgcc.a(_exit.o)
                              C:/Program Files (x86)/Atmel/Studio/7.0/Packs/atmel/ATmega_DFP/1.2.209/gcc/dev/atmega32/avr5/crtatmega32.o (exit)
c:/program files (x86)/atmel/studio/7.0/toolchain/avr8/avr8-gnu-toolchain/bin/../lib/gcc/avr/5.4.0/avr5\libgcc.a(_tablejump2.o)
                              HAL/S_SEG/S_SEG.o (__tablejump2__)
c:/program files (x86)/atmel/studio/7.0/toolchain/avr8/avr8-gnu-toolchain/bin/../lib/gcc/avr/5.4.0/avr5\libgcc.a(_copy_data.o)
                              HAL/KEY_PAD/KYE_PAD.o (__do_copy_data)
c:/program files (x86)/atmel/studio/7.0/toolchain/avr8/avr8-gnu-toolchain/bin/../lib/gcc/avr/5.4.0/avr5\libgcc.a(_clear_bss.o)
                              MCAL/TIMER/TIMER.o (__do_clear_bss)
c:/program files (x86)/atmel/studio/7.0/toolchain/avr8/avr8-gnu-toolchain/bin/../lib/gcc/avr/5.4.0/avr5\libgcc.a(_umulhisi3.o)
                              HAL/S_SEG/S_SEG.o (__umulhisi3)
c:/program files (x86)/atmel/studio/7.0/toolchain/avr8/avr8-gnu-toolchain/bin/../lib/gcc/avr/5.4.0/avr5\libgcc.a(_muluhisi3.o)
                              MCAL/TIMER/TIMER.o (__muluhisi3)
c:/program files (x86)/atmel/studio/7.0/toolchain/avr8/avr8-gnu-toolchain/bin/../lib/gcc/avr/5.4.0/avr5\libgcc.a(_udivmodhi4.o)
                              c:/program files (x86)/atmel/studio/7.0/toolchain/avr8/avr8-gnu-toolchain/bin/../lib/gcc/avr/5.4.0/avr5\libgcc.a(_divmodhi4.o) (__udivmodhi4)

Allocating common symbols
Common symbol       size              file

num_of_ov           0x4               MCAL/TIMER/TIMER.o
initial_value       0x4               MCAL/TIMER/TIMER.o

Discarded input sections

 .data          0x00000000        0x0 C:/Program Files (x86)/Atmel/Studio/7.0/Packs/atmel/ATmega_DFP/1.2.209/gcc/dev/atmega32/avr5/crtatmega32.o
 .bss           0x00000000        0x0 C:/Program Files (x86)/Atmel/Studio/7.0/Packs/atmel/ATmega_DFP/1.2.209/gcc/dev/atmega32/avr5/crtatmega32.o
 .text          0x00000000        0x0 APP/main.o
 .data          0x00000000        0x0 APP/main.o
 .bss           0x00000000        0x0 APP/main.o
 .text          0x00000000        0x0 HAL/BUZZER/BUZZER.o
 .data          0x00000000        0x0 HAL/BUZZER/BUZZER.o
 .bss           0x00000000        0x0 HAL/BUZZER/BUZZER.o
 .text.BUZZER_INIT
                0x00000000        0xa HAL/BUZZER/BUZZER.o
 .text.BUZZER_ON
                0x00000000        0xa HAL/BUZZER/BUZZER.o
 .text.BUZZER_OFF
                0x00000000        0xa HAL/BUZZER/BUZZER.o
 .text.BUZZER_ONCE
                0x00000000       0x24 HAL/BUZZER/BUZZER.o
 .text.BUZZER_TWICE
                0x00000000       0x58 HAL/BUZZER/BUZZER.o
 .text.BUZZER_ONCE_LONG
                0x00000000       0x24 HAL/BUZZER/BUZZER.o
 .debug_info    0x00000000      0x396 HAL/BUZZER/BUZZER.o
 .debug_abbrev  0x00000000       0xf1 HAL/BUZZER/BUZZER.o
 .debug_loc     0x00000000      0x168 HAL/BUZZER/BUZZER.o
 .debug_aranges
                0x00000000       0x48 HAL/BUZZER/BUZZER.o
 .debug_ranges  0x00000000       0x38 HAL/BUZZER/BUZZER.o
 .debug_line    0x00000000      0x1ef HAL/BUZZER/BUZZER.o
 .debug_str     0x00000000      0x244 HAL/BUZZER/BUZZER.o
 .comment       0x00000000       0x31 HAL/BUZZER/BUZZER.o
 .debug_frame   0x00000000       0x74 HAL/BUZZER/BUZZER.o
 .text          0x00000000        0x0 HAL/DC_MOTOR/DC_MOTOR.o
 .data          0x00000000        0x0 HAL/DC_MOTOR/DC_MOTOR.o
 .bss           0x00000000        0x0 HAL/DC_MOTOR/DC_MOTOR.o
 .text.DC_MOTOR_INIT
                0x00000000       0x16 HAL/DC_MOTOR/DC_MOTOR.o
 .text.DC_MOTOR_SET_DIRECTION
                0x00000000       0x2e HAL/DC_MOTOR/DC_MOTOR.o
 .text.DC_MOTOR_SET_DUTY_CYCLE
                0x00000000        0x6 HAL/DC_MOTOR/DC_MOTOR.o
 .text.DC_MOTOR_START
                0x00000000        0x6 HAL/DC_MOTOR/DC_MOTOR.o
 .text.DC_MOTOR_OFF
                0x00000000       0x12 HAL/DC_MOTOR/DC_MOTOR.o
 .debug_info    0x00000000      0x235 HAL/DC_MOTOR/DC_MOTOR.o
 .debug_abbrev  0x00000000       0x98 HAL/DC_MOTOR/DC_MOTOR.o
 .debug_loc     0x00000000       0x5b HAL/DC_MOTOR/DC_MOTOR.o
 .debug_aranges
                0x00000000       0x40 HAL/DC_MOTOR/DC_MOTOR.o
 .debug_ranges  0x00000000       0x30 HAL/DC_MOTOR/DC_MOTOR.o
 .debug_line    0x00000000      0x11e HAL/DC_MOTOR/DC_MOTOR.o
 .debug_str     0x00000000      0x221 HAL/DC_MOTOR/DC_MOTOR.o
 .comment       0x00000000       0x31 HAL/DC_MOTOR/DC_MOTOR.o
 .debug_frame   0x00000000       0x64 HAL/DC_MOTOR/DC_MOTOR.o
 .text          0x00000000        0x0 HAL/EEPROM_24C16/EEPROM_24C16.o
 .data          0x00000000        0x0 HAL/EEPROM_24C16/EEPROM_24C16.o
 .bss           0x00000000        0x0 HAL/EEPROM_24C16/EEPROM_24C16.o
 .text          0x00000000        0x0 HAL/KEY_PAD/KYE_PAD.o
 .data          0x00000000        0x0 HAL/KEY_PAD/KYE_PAD.o
 .bss           0x00000000        0x0 HAL/KEY_PAD/KYE_PAD.o
 .text.KEY_PAD_INIT
                0x00000000       0x82 HAL/KEY_PAD/KYE_PAD.o
 .text.KEY_PAD_READ
                0x00000000       0x7e HAL/KEY_PAD/KYE_PAD.o
 .data.arr      0x00000000       0x10 HAL/KEY_PAD/KYE_PAD.o
 .debug_info    0x00000000      0x3ac HAL/KEY_PAD/KYE_PAD.o
 .debug_abbrev  0x00000000      0x15b HAL/KEY_PAD/KYE_PAD.o
 .debug_loc     0x00000000      0x14a HAL/KEY_PAD/KYE_PAD.o
 .debug_aranges
                0x00000000       0x28 HAL/KEY_PAD/KYE_PAD.o
 .debug_ranges  0x00000000       0x18 HAL/KEY_PAD/KYE_PAD.o
 .debug_line    0x00000000      0x213 HAL/KEY_PAD/KYE_PAD.o
 .debug_str     0x00000000      0x23e HAL/KEY_PAD/KYE_PAD.o
 .comment       0x00000000       0x31 HAL/KEY_PAD/KYE_PAD.o
 .debug_frame   0x00000000       0x58 HAL/KEY_PAD/KYE_PAD.o
 .text          0x00000000        0x0 HAL/LCD/LCD.o
 .data          0x00000000        0x0 HAL/LCD/LCD.o
 .bss           0x00000000        0x0 HAL/LCD/LCD.o
 .text.LCD_WRITE_CMD
                0x00000000       0x78 HAL/LCD/LCD.o
 .text.LCD_INIT
                0x00000000       0x76 HAL/LCD/LCD.o
 .text.LCD_WRITE_CHR
                0x00000000       0x78 HAL/LCD/LCD.o
 .text.LCD_WRITE_STR
                0x00000000       0x2c HAL/LCD/LCD.o
 .text.LCD_WRITE_INT
                0x00000000       0xb4 HAL/LCD/LCD.o
 .text.LCD_GO_TO
                0x00000000       0x2a HAL/LCD/LCD.o
 .text.LCD_CLR  0x00000000        0x8 HAL/LCD/LCD.o
 .debug_info    0x00000000      0x704 HAL/LCD/LCD.o
 .debug_abbrev  0x00000000      0x17a HAL/LCD/LCD.o
 .debug_loc     0x00000000      0x51c HAL/LCD/LCD.o
 .debug_aranges
                0x00000000       0x50 HAL/LCD/LCD.o
 .debug_ranges  0x00000000       0x40 HAL/LCD/LCD.o
 .debug_line    0x00000000      0x320 HAL/LCD/LCD.o
 .debug_str     0x00000000      0x26c HAL/LCD/LCD.o
 .comment       0x00000000       0x31 HAL/LCD/LCD.o
 .debug_frame   0x00000000       0xe8 HAL/LCD/LCD.o
 .text          0x00000000        0x0 HAL/LED/LED.o
 .data          0x00000000        0x0 HAL/LED/LED.o
 .bss           0x00000000        0x0 HAL/LED/LED.o
 .text.LED_INIT
                0x00000000       0x2a HAL/LED/LED.o
 .text.LED_ON   0x00000000       0x2a HAL/LED/LED.o
 .text.LED_OFF  0x00000000       0x2a HAL/LED/LED.o
 .text.LED_TOGGLE
                0x00000000       0x24 HAL/LED/LED.o
 .text.LEDS_ON  0x00000000       0x1a HAL/LED/LED.o
 .text.LEDS_OFF
                0x00000000       0x1a HAL/LED/LED.o
 .debug_info    0x00000000      0x306 HAL/LED/LED.o
 .debug_abbrev  0x00000000       0x8d HAL/LED/LED.o
 .debug_loc     0x00000000      0x14c HAL/LED/LED.o
 .debug_aranges
                0x00000000       0x48 HAL/LED/LED.o
 .debug_ranges  0x00000000       0x38 HAL/LED/LED.o
 .debug_line    0x00000000      0x173 HAL/LED/LED.o
 .debug_str     0x00000000      0x1bc HAL/LED/LED.o
 .comment       0x00000000       0x31 HAL/LED/LED.o
 .debug_frame   0x00000000       0x74 HAL/LED/LED.o
 .text          0x00000000        0x0 HAL/P_B/P_B.o
 .data          0x00000000        0x0 HAL/P_B/P_B.o
 .bss           0x00000000        0x0 HAL/P_B/P_B.o
 .text.P_B_INIT
                0x00000000       0x2a HAL/P_B/P_B.o
 .text.P_B_READ
                0x00000000       0x28 HAL/P_B/P_B.o
 .debug_info    0x00000000      0x166 HAL/P_B/P_B.o
 .debug_abbrev  0x00000000       0xb8 HAL/P_B/P_B.o
 .debug_loc     0x00000000      0x123 HAL/P_B/P_B.o
 .debug_aranges
                0x00000000       0x28 HAL/P_B/P_B.o
 .debug_ranges  0x00000000       0x18 HAL/P_B/P_B.o
 .debug_line    0x00000000       0xd7 HAL/P_B/P_B.o
 .debug_str     0x00000000      0x19b HAL/P_B/P_B.o
 .comment       0x00000000       0x31 HAL/P_B/P_B.o
 .debug_frame   0x00000000       0x34 HAL/P_B/P_B.o
 .text          0x00000000        0x0 HAL/RELAY/RELAY.o
 .data          0x00000000        0x0 HAL/RELAY/RELAY.o
 .bss           0x00000000        0x0 HAL/RELAY/RELAY.o
 .text.RELAY_INIT
                0x00000000        0xa HAL/RELAY/RELAY.o
 .text.RELAY_ON
                0x00000000        0xa HAL/RELAY/RELAY.o
 .text.RELAY_OFF
                0x00000000        0xa HAL/RELAY/RELAY.o
 .debug_info    0x00000000      0x10c HAL/RELAY/RELAY.o
 .debug_abbrev  0x00000000       0x64 HAL/RELAY/RELAY.o
 .debug_aranges
                0x00000000       0x30 HAL/RELAY/RELAY.o
 .debug_ranges  0x00000000       0x20 HAL/RELAY/RELAY.o
 .debug_line    0x00000000       0x89 HAL/RELAY/RELAY.o
 .debug_str     0x00000000      0x19f HAL/RELAY/RELAY.o
 .comment       0x00000000       0x31 HAL/RELAY/RELAY.o
 .debug_frame   0x00000000       0x44 HAL/RELAY/RELAY.o
 .text          0x00000000        0x0 HAL/SERVO_MOTOR/SERVO_MOTOR.o
 .data          0x00000000        0x0 HAL/SERVO_MOTOR/SERVO_MOTOR.o
 .bss           0x00000000        0x0 HAL/SERVO_MOTOR/SERVO_MOTOR.o
 .text.SERVO_INIT
                0x00000000       0x12 HAL/SERVO_MOTOR/SERVO_MOTOR.o
 .text.SERVO_MOVE
                0x00000000        0x6 HAL/SERVO_MOTOR/SERVO_MOTOR.o
 .debug_info    0x00000000      0x120 HAL/SERVO_MOTOR/SERVO_MOTOR.o
 .debug_abbrev  0x00000000       0x98 HAL/SERVO_MOTOR/SERVO_MOTOR.o
 .debug_loc     0x00000000       0x21 HAL/SERVO_MOTOR/SERVO_MOTOR.o
 .debug_aranges
                0x00000000       0x28 HAL/SERVO_MOTOR/SERVO_MOTOR.o
 .debug_ranges  0x00000000       0x18 HAL/SERVO_MOTOR/SERVO_MOTOR.o
 .debug_line    0x00000000       0xbe HAL/SERVO_MOTOR/SERVO_MOTOR.o
 .debug_str     0x00000000      0x1d0 HAL/SERVO_MOTOR/SERVO_MOTOR.o
 .comment       0x00000000       0x31 HAL/SERVO_MOTOR/SERVO_MOTOR.o
 .debug_frame   0x00000000       0x34 HAL/SERVO_MOTOR/SERVO_MOTOR.o
 .text          0x00000000        0x0 HAL/S_SEG/S_SEG.o
 .data          0x00000000        0x0 HAL/S_SEG/S_SEG.o
 .bss           0x00000000        0x0 HAL/S_SEG/S_SEG.o
 .text.S_SEG_COUNT_DOWN
                0x00000000      0x38e HAL/S_SEG/S_SEG.o
 .progmem.gcc_sw_table.S_SEG_COUNT_DOWN
                0x00000000       0x28 HAL/S_SEG/S_SEG.o
 .text.S_SEG_TIMER
                0x00000000      0x38e HAL/S_SEG/S_SEG.o
 .progmem.gcc_sw_table.S_SEG_TIMER
                0x00000000       0x28 HAL/S_SEG/S_SEG.o
 .text          0x00000000        0x0 HAL/TEMP_S/TEMP_S.o
 .data          0x00000000        0x0 HAL/TEMP_S/TEMP_S.o
 .bss           0x00000000        0x0 HAL/TEMP_S/TEMP_S.o
 .text.TEMP_S_INIT
                0x00000000        0x6 HAL/TEMP_S/TEMP_S.o
 .text.TEMP_S_READ
                0x00000000       0x20 HAL/TEMP_S/TEMP_S.o
 .debug_info    0x00000000      0x102 HAL/TEMP_S/TEMP_S.o
 .debug_abbrev  0x00000000       0xa7 HAL/TEMP_S/TEMP_S.o
 .debug_loc     0x00000000       0x3f HAL/TEMP_S/TEMP_S.o
 .debug_aranges
                0x00000000       0x28 HAL/TEMP_S/TEMP_S.o
 .debug_ranges  0x00000000       0x18 HAL/TEMP_S/TEMP_S.o
 .debug_line    0x00000000       0x9b HAL/TEMP_S/TEMP_S.o
 .debug_str     0x00000000      0x1a5 HAL/TEMP_S/TEMP_S.o
 .comment       0x00000000       0x31 HAL/TEMP_S/TEMP_S.o
 .debug_frame   0x00000000       0x34 HAL/TEMP_S/TEMP_S.o
 .text          0x00000000        0x0 MCAL/ADC/ADC.o
 .data          0x00000000        0x0 MCAL/ADC/ADC.o
 .bss           0x00000000        0x0 MCAL/ADC/ADC.o
 .text.ADC_INIT
                0x00000000       0x12 MCAL/ADC/ADC.o
 .text.ADC_READ
                0x00000000       0x7c MCAL/ADC/ADC.o
 .progmem.gcc_sw_table.ADC_READ
                0x00000000       0x10 MCAL/ADC/ADC.o
 .debug_info    0x00000000       0xc4 MCAL/ADC/ADC.o
 .debug_abbrev  0x00000000       0x7e MCAL/ADC/ADC.o
 .debug_loc     0x00000000       0x45 MCAL/ADC/ADC.o
 .debug_aranges
                0x00000000       0x28 MCAL/ADC/ADC.o
 .debug_ranges  0x00000000       0x18 MCAL/ADC/ADC.o
 .debug_line    0x00000000      0x1d5 MCAL/ADC/ADC.o
 .debug_str     0x00000000      0x185 MCAL/ADC/ADC.o
 .comment       0x00000000       0x31 MCAL/ADC/ADC.o
 .debug_frame   0x00000000       0x34 MCAL/ADC/ADC.o
 .text          0x00000000        0x0 MCAL/DIO/DIO.o
 .data          0x00000000        0x0 MCAL/DIO/DIO.o
 .bss           0x00000000        0x0 MCAL/DIO/DIO.o
 .text.PIN_TOGGLE
                0x00000000       0xec MCAL/DIO/DIO.o
 .text.PIN_READ
                0x00000000       0xe0 MCAL/DIO/DIO.o
 .text.PIN_PULL_UP
                0x00000000      0x1de MCAL/DIO/DIO.o
 .text.PORT_MODE
                0x00000000       0x20 MCAL/DIO/DIO.o
 .text.PORT_WRITE
                0x00000000       0x20 MCAL/DIO/DIO.o
 .text.PORT_TOGGLE
                0x00000000       0x30 MCAL/DIO/DIO.o
 .text.PORT_READ
                0x00000000       0x24 MCAL/DIO/DIO.o
 .text.PORT_PULL_UP
                0x00000000       0x50 MCAL/DIO/DIO.o
 .text          0x00000000        0x0 MCAL/EEPROM/EEPROM.o
 .data          0x00000000        0x0 MCAL/EEPROM/EEPROM.o
 .bss           0x00000000        0x0 MCAL/EEPROM/EEPROM.o
 .debug_line    0x00000000        0x0 MCAL/EEPROM/EEPROM.o
 .debug_str     0x00000000      0x112 MCAL/EEPROM/EEPROM.o
 .comment       0x00000000       0x31 MCAL/EEPROM/EEPROM.o
 .text          0x00000000        0x0 MCAL/EX_INT/EX_INT.o
 .data          0x00000000        0x0 MCAL/EX_INT/EX_INT.o
 .bss           0x00000000        0x0 MCAL/EX_INT/EX_INT.o
 .text.EXTERNAL_INT_0_INIT
                0x00000000       0x1a MCAL/EX_INT/EX_INT.o
 .debug_info    0x00000000       0x82 MCAL/EX_INT/EX_INT.o
 .debug_abbrev  0x00000000       0x46 MCAL/EX_INT/EX_INT.o
 .debug_aranges
                0x00000000       0x20 MCAL/EX_INT/EX_INT.o
 .debug_ranges  0x00000000       0x10 MCAL/EX_INT/EX_INT.o
 .debug_line    0x00000000       0x77 MCAL/EX_INT/EX_INT.o
 .debug_str     0x00000000      0x185 MCAL/EX_INT/EX_INT.o
 .comment       0x00000000       0x31 MCAL/EX_INT/EX_INT.o
 .debug_frame   0x00000000       0x24 MCAL/EX_INT/EX_INT.o
 .text          0x00000000        0x0 MCAL/SPI/SPI.o
 .data          0x00000000        0x0 MCAL/SPI/SPI.o
 .bss           0x00000000        0x0 MCAL/SPI/SPI.o
 .text.SPI_INIT
                0x00000000       0x2a MCAL/SPI/SPI.o
 .text.SPI_START_TR
                0x00000000        0xa MCAL/SPI/SPI.o
 .text.SPI_STOP_TR
                0x00000000        0xa MCAL/SPI/SPI.o
 .text.SPI_TRANSIVER
                0x00000000        0xa MCAL/SPI/SPI.o
 .debug_info    0x00000000      0x198 MCAL/SPI/SPI.o
 .debug_abbrev  0x00000000       0xb8 MCAL/SPI/SPI.o
 .debug_loc     0x00000000       0x3e MCAL/SPI/SPI.o
 .debug_aranges
                0x00000000       0x38 MCAL/SPI/SPI.o
 .debug_ranges  0x00000000       0x28 MCAL/SPI/SPI.o
 .debug_line    0x00000000       0xf6 MCAL/SPI/SPI.o
 .debug_str     0x00000000      0x1bc MCAL/SPI/SPI.o
 .comment       0x00000000       0x31 MCAL/SPI/SPI.o
 .debug_frame   0x00000000       0x54 MCAL/SPI/SPI.o
 .text          0x00000000        0x0 MCAL/TIMER/TIMER.o
 .data          0x00000000        0x0 MCAL/TIMER/TIMER.o
 .bss           0x00000000        0x0 MCAL/TIMER/TIMER.o
 .text.TIMER_0_INIT
                0x00000000       0x1a MCAL/TIMER/TIMER.o
 .text.TIMER_0_SET_TIME
                0x00000000       0xa2 MCAL/TIMER/TIMER.o
 .text.TIMER_0_START
                0x00000000       0x14 MCAL/TIMER/TIMER.o
 .text.TIMER_0_STOP
                0x00000000       0x14 MCAL/TIMER/TIMER.o
 .text.TIMER_1_INIT
                0x00000000       0x26 MCAL/TIMER/TIMER.o
 .text.TIMER_1_SET_TIME
                0x00000000       0x38 MCAL/TIMER/TIMER.o
 .text.TIMER_1_START
                0x00000000       0x14 MCAL/TIMER/TIMER.o
 .text.TIMER_1_STOP
                0x00000000       0x14 MCAL/TIMER/TIMER.o
 .text.PWM_0_INIT
                0x00000000       0x1c MCAL/TIMER/TIMER.o
 .text.PWM_0_SET_DUTY_CYCLE
                0x00000000       0x16 MCAL/TIMER/TIMER.o
 .text.PWM_0_START
                0x00000000       0x14 MCAL/TIMER/TIMER.o
 .text.PWM_0_STOP
                0x00000000       0x14 MCAL/TIMER/TIMER.o
 .text.PWM_1_INIT
                0x00000000       0x28 MCAL/TIMER/TIMER.o
 .text.PWM_1_SET_DUTY_CYCLE
                0x00000000       0x22 MCAL/TIMER/TIMER.o
 .text.PWM_1_START
                0x00000000       0x14 MCAL/TIMER/TIMER.o
 .text.PWM_1_STOP
                0x00000000        0x2 MCAL/TIMER/TIMER.o
 .debug_info    0x00000000      0x299 MCAL/TIMER/TIMER.o
 .debug_abbrev  0x00000000       0xc1 MCAL/TIMER/TIMER.o
 .debug_loc     0x00000000      0x15f MCAL/TIMER/TIMER.o
 .debug_aranges
                0x00000000       0x98 MCAL/TIMER/TIMER.o
 .debug_ranges  0x00000000       0x88 MCAL/TIMER/TIMER.o
 .debug_line    0x00000000      0x29d MCAL/TIMER/TIMER.o
 .debug_str     0x00000000      0x295 MCAL/TIMER/TIMER.o
 .comment       0x00000000       0x31 MCAL/TIMER/TIMER.o
 .debug_frame   0x00000000      0x120 MCAL/TIMER/TIMER.o
 COMMON         0x00000000        0x8 MCAL/TIMER/TIMER.o
 .text          0x00000000        0x0 MCAL/TWI/TWI.o
 .data          0x00000000        0x0 MCAL/TWI/TWI.o
 .bss           0x00000000        0x0 MCAL/TWI/TWI.o
 .text.TWI_SLAVE_INIT
                0x00000000        0xc MCAL/TWI/TWI.o
 .text          0x00000000        0x0 MCAL/UART/UART.o
 .data          0x00000000        0x0 MCAL/UART/UART.o
 .bss           0x00000000        0x0 MCAL/UART/UART.o
 .text.UART_INIT
                0x00000000       0x2c MCAL/UART/UART.o
 .text.UART_SEND
                0x00000000        0x8 MCAL/UART/UART.o
 .text.UART_REC
                0x00000000        0xa MCAL/UART/UART.o
 .debug_info    0x00000000      0x102 MCAL/UART/UART.o
 .debug_abbrev  0x00000000       0xa7 MCAL/UART/UART.o
 .debug_aranges
                0x00000000       0x30 MCAL/UART/UART.o
 .debug_ranges  0x00000000       0x20 MCAL/UART/UART.o
 .debug_line    0x00000000       0xec MCAL/UART/UART.o
 .debug_str     0x00000000      0x198 MCAL/UART/UART.o
 .comment       0x00000000       0x31 MCAL/UART/UART.o
 .debug_frame   0x00000000       0x44 MCAL/UART/UART.o
 .text          0x00000000        0x0 MCAL/WDT/WDT.o
 .data          0x00000000        0x0 MCAL/WDT/WDT.o
 .bss           0x00000000        0x0 MCAL/WDT/WDT.o
 .text.WDT_INIT
                0x00000000       0x1a MCAL/WDT/WDT.o
 .text.WDT_REFRESH
                0x00000000        0x4 MCAL/WDT/WDT.o
 .debug_info    0x00000000       0x98 MCAL/WDT/WDT.o
 .debug_abbrev  0x00000000       0x46 MCAL/WDT/WDT.o
 .debug_aranges
                0x00000000       0x28 MCAL/WDT/WDT.o
 .debug_ranges  0x00000000       0x18 MCAL/WDT/WDT.o
 .debug_line    0x00000000       0x87 MCAL/WDT/WDT.o
 .debug_str     0x00000000      0x180 MCAL/WDT/WDT.o
 .comment       0x00000000       0x31 MCAL/WDT/WDT.o
 .debug_frame   0x00000000       0x34 MCAL/WDT/WDT.o
 .text          0x00000000        0x0 c:/program files (x86)/atmel/studio/7.0/toolchain/avr8/avr8-gnu-toolchain/bin/../lib/gcc/avr/5.4.0/avr5\libgcc.a(_divmodhi4.o)
 .data          0x00000000        0x0 c:/program files (x86)/atmel/studio/7.0/toolchain/avr8/avr8-gnu-toolchain/bin/../lib/gcc/avr/5.4.0/avr5\libgcc.a(_divmodhi4.o)
 .bss           0x00000000        0x0 c:/program files (x86)/atmel/studio/7.0/toolchain/avr8/avr8-gnu-toolchain/bin/../lib/gcc/avr/5.4.0/avr5\libgcc.a(_divmodhi4.o)
 .text.libgcc.mul
                0x00000000        0x0 c:/program files (x86)/atmel/studio/7.0/toolchain/avr8/avr8-gnu-toolchain/bin/../lib/gcc/avr/5.4.0/avr5\libgcc.a(_divmodhi4.o)
 .text.libgcc.div
                0x00000000       0x28 c:/program files (x86)/atmel/studio/7.0/toolchain/avr8/avr8-gnu-toolchain/bin/../lib/gcc/avr/5.4.0/avr5\libgcc.a(_divmodhi4.o)
 .text.libgcc   0x00000000        0x0 c:/program files (x86)/atmel/studio/7.0/toolchain/avr8/avr8-gnu-toolchain/bin/../lib/gcc/avr/5.4.0/avr5\libgcc.a(_divmodhi4.o)
 .text.libgcc.prologue
                0x00000000        0x0 c:/program files (x86)/atmel/studio/7.0/toolchain/avr8/avr8-gnu-toolchain/bin/../lib/gcc/avr/5.4.0/avr5\libgcc.a(_divmodhi4.o)
 .text.libgcc.builtins
                0x00000000        0x0 c:/program files (x86)/atmel/studio/7.0/toolchain/avr8/avr8-gnu-toolchain/bin/../lib/gcc/avr/5.4.0/avr5\libgcc.a(_divmodhi4.o)
 .text.libgcc.fmul
                0x00000000        0x0 c:/program files (x86)/atmel/studio/7.0/toolchain/avr8/avr8-gnu-toolchain/bin/../lib/gcc/avr/5.4.0/avr5\libgcc.a(_divmodhi4.o)
 .text.libgcc.fixed
                0x00000000        0x0 c:/program files (x86)/atmel/studio/7.0/toolchain/avr8/avr8-gnu-toolchain/bin/../lib/gcc/avr/5.4.0/avr5\libgcc.a(_divmodhi4.o)
 .text          0x00000000        0x0 c:/program files (x86)/atmel/studio/7.0/toolchain/avr8/avr8-gnu-toolchain/bin/../lib/gcc/avr/5.4.0/avr5\libgcc.a(_udivmodsi4.o)
 .data          0x00000000        0x0 c:/program files (x86)/atmel/studio/7.0/toolchain/avr8/avr8-gnu-toolchain/bin/../lib/gcc/avr/5.4.0/avr5\libgcc.a(_udivmodsi4.o)
 .bss           0x00000000        0x0 c:/program files (x86)/atmel/studio/7.0/toolchain/avr8/avr8-gnu-toolchain/bin/../lib/gcc/avr/5.4.0/avr5\libgcc.a(_udivmodsi4.o)
 .text.libgcc.mul
                0x00000000        0x0 c:/program files (x86)/atmel/studio/7.0/toolchain/avr8/avr8-gnu-toolchain/bin/../lib/gcc/avr/5.4.0/avr5\libgcc.a(_udivmodsi4.o)
 .text.libgcc.div
                0x00000000       0x44 c:/program files (x86)/atmel/studio/7.0/toolchain/avr8/avr8-gnu-toolchain/bin/../lib/gcc/avr/5.4.0/avr5\libgcc.a(_udivmodsi4.o)
 .text.libgcc   0x00000000        0x0 c:/program files (x86)/atmel/studio/7.0/toolchain/avr8/avr8-gnu-toolchain/bin/../lib/gcc/avr/5.4.0/avr5\libgcc.a(_udivmodsi4.o)
 .text.libgcc.prologue
                0x00000000        0x0 c:/program files (x86)/atmel/studio/7.0/toolchain/avr8/avr8-gnu-toolchain/bin/../lib/gcc/avr/5.4.0/avr5\libgcc.a(_udivmodsi4.o)
 .text.libgcc.builtins
                0x00000000        0x0 c:/program files (x86)/atmel/studio/7.0/toolchain/avr8/avr8-gnu-toolchain/bin/../lib/gcc/avr/5.4.0/avr5\libgcc.a(_udivmodsi4.o)
 .text.libgcc.fmul
                0x00000000        0x0 c:/program files (x86)/atmel/studio/7.0/toolchain/avr8/avr8-gnu-toolchain/bin/../lib/gcc/avr/5.4.0/avr5\libgcc.a(_udivmodsi4.o)
 .text.libgcc.fixed
                0x00000000        0x0 c:/program files (x86)/atmel/studio/7.0/toolchain/avr8/avr8-gnu-toolchain/bin/../lib/gcc/avr/5.4.0/avr5\libgcc.a(_udivmodsi4.o)
 .text          0x00000000        0x0 c:/program files (x86)/atmel/studio/7.0/toolchain/avr8/avr8-gnu-toolchain/bin/../lib/gcc/avr/5.4.0/avr5\libgcc.a(_exit.o)
 .data          0x00000000        0x0 c:/program files (x86)/atmel/studio/7.0/toolchain/avr8/avr8-gnu-toolchain/bin/../lib/gcc/avr/5.4.0/avr5\libgcc.a(_exit.o)
 .bss           0x00000000        0x0 c:/program files (x86)/atmel/studio/7.0/toolchain/avr8/avr8-gnu-toolchain/bin/../lib/gcc/avr/5.4.0/avr5\libgcc.a(_exit.o)
 .text.libgcc.mul
                0x00000000        0x0 c:/program files (x86)/atmel/studio/7.0/toolchain/avr8/avr8-gnu-toolchain/bin/../lib/gcc/avr/5.4.0/avr5\libgcc.a(_exit.o)
 .text.libgcc.div
                0x00000000        0x0 c:/program files (x86)/atmel/studio/7.0/toolchain/avr8/avr8-gnu-toolchain/bin/../lib/gcc/avr/5.4.0/avr5\libgcc.a(_exit.o)
 .text.libgcc   0x00000000        0x0 c:/program files (x86)/atmel/studio/7.0/toolchain/avr8/avr8-gnu-toolchain/bin/../lib/gcc/avr/5.4.0/avr5\libgcc.a(_exit.o)
 .text.libgcc.prologue
                0x00000000        0x0 c:/program files (x86)/atmel/studio/7.0/toolchain/avr8/avr8-gnu-toolchain/bin/../lib/gcc/avr/5.4.0/avr5\libgcc.a(_exit.o)
 .text.libgcc.builtins
                0x00000000        0x0 c:/program files (x86)/atmel/studio/7.0/toolchain/avr8/avr8-gnu-toolchain/bin/../lib/gcc/avr/5.4.0/avr5\libgcc.a(_exit.o)
 .text.libgcc.fmul
                0x00000000        0x0 c:/program files (x86)/atmel/studio/7.0/toolchain/avr8/avr8-gnu-toolchain/bin/../lib/gcc/avr/5.4.0/avr5\libgcc.a(_exit.o)
 .text.libgcc.fixed
                0x00000000        0x0 c:/program files (x86)/atmel/studio/7.0/toolchain/avr8/avr8-gnu-toolchain/bin/../lib/gcc/avr/5.4.0/avr5\libgcc.a(_exit.o)
 .text          0x00000000        0x0 c:/program files (x86)/atmel/studio/7.0/toolchain/avr8/avr8-gnu-toolchain/bin/../lib/gcc/avr/5.4.0/avr5\libgcc.a(_tablejump2.o)
 .data          0x00000000        0x0 c:/program files (x86)/atmel/studio/7.0/toolchain/avr8/avr8-gnu-toolchain/bin/../lib/gcc/avr/5.4.0/avr5\libgcc.a(_tablejump2.o)
 .bss           0x00000000        0x0 c:/program files (x86)/atmel/studio/7.0/toolchain/avr8/avr8-gnu-toolchain/bin/../lib/gcc/avr/5.4.0/avr5\libgcc.a(_tablejump2.o)
 .text.libgcc.mul
                0x00000000        0x0 c:/program files (x86)/atmel/studio/7.0/toolchain/avr8/avr8-gnu-toolchain/bin/../lib/gcc/avr/5.4.0/avr5\libgcc.a(_tablejump2.o)
 .text.libgcc.div
                0x00000000        0x0 c:/program files (x86)/atmel/studio/7.0/toolchain/avr8/avr8-gnu-toolchain/bin/../lib/gcc/avr/5.4.0/avr5\libgcc.a(_tablejump2.o)
 .text.libgcc.prologue
                0x00000000        0x0 c:/program files (x86)/atmel/studio/7.0/toolchain/avr8/avr8-gnu-toolchain/bin/../lib/gcc/avr/5.4.0/avr5\libgcc.a(_tablejump2.o)
 .text.libgcc.builtins
                0x00000000        0x0 c:/program files (x86)/atmel/studio/7.0/toolchain/avr8/avr8-gnu-toolchain/bin/../lib/gcc/avr/5.4.0/avr5\libgcc.a(_tablejump2.o)
 .text.libgcc.fmul
                0x00000000        0x0 c:/program files (x86)/atmel/studio/7.0/toolchain/avr8/avr8-gnu-toolchain/bin/../lib/gcc/avr/5.4.0/avr5\libgcc.a(_tablejump2.o)
 .text.libgcc.fixed
                0x00000000        0x0 c:/program files (x86)/atmel/studio/7.0/toolchain/avr8/avr8-gnu-toolchain/bin/../lib/gcc/avr/5.4.0/avr5\libgcc.a(_tablejump2.o)
 .text          0x00000000        0x0 c:/program files (x86)/atmel/studio/7.0/toolchain/avr8/avr8-gnu-toolchain/bin/../lib/gcc/avr/5.4.0/avr5\libgcc.a(_copy_data.o)
 .data          0x00000000        0x0 c:/program files (x86)/atmel/studio/7.0/toolchain/avr8/avr8-gnu-toolchain/bin/../lib/gcc/avr/5.4.0/avr5\libgcc.a(_copy_data.o)
 .bss           0x00000000        0x0 c:/program files (x86)/atmel/studio/7.0/toolchain/avr8/avr8-gnu-toolchain/bin/../lib/gcc/avr/5.4.0/avr5\libgcc.a(_copy_data.o)
 .text.libgcc.mul
                0x00000000        0x0 c:/program files (x86)/atmel/studio/7.0/toolchain/avr8/avr8-gnu-toolchain/bin/../lib/gcc/avr/5.4.0/avr5\libgcc.a(_copy_data.o)
 .text.libgcc.div
                0x00000000        0x0 c:/program files (x86)/atmel/studio/7.0/toolchain/avr8/avr8-gnu-toolchain/bin/../lib/gcc/avr/5.4.0/avr5\libgcc.a(_copy_data.o)
 .text.libgcc   0x00000000        0x0 c:/program files (x86)/atmel/studio/7.0/toolchain/avr8/avr8-gnu-toolchain/bin/../lib/gcc/avr/5.4.0/avr5\libgcc.a(_copy_data.o)
 .text.libgcc.prologue
                0x00000000        0x0 c:/program files (x86)/atmel/studio/7.0/toolchain/avr8/avr8-gnu-toolchain/bin/../lib/gcc/avr/5.4.0/avr5\libgcc.a(_copy_data.o)
 .text.libgcc.builtins
                0x00000000        0x0 c:/program files (x86)/atmel/studio/7.0/toolchain/avr8/avr8-gnu-toolchain/bin/../lib/gcc/avr/5.4.0/avr5\libgcc.a(_copy_data.o)
 .text.libgcc.fmul
                0x00000000        0x0 c:/program files (x86)/atmel/studio/7.0/toolchain/avr8/avr8-gnu-toolchain/bin/../lib/gcc/avr/5.4.0/avr5\libgcc.a(_copy_data.o)
 .text.libgcc.fixed
                0x00000000        0x0 c:/program files (x86)/atmel/studio/7.0/toolchain/avr8/avr8-gnu-toolchain/bin/../lib/gcc/avr/5.4.0/avr5\libgcc.a(_copy_data.o)
 .text          0x00000000        0x0 c:/program files (x86)/atmel/studio/7.0/toolchain/avr8/avr8-gnu-toolchain/bin/../lib/gcc/avr/5.4.0/avr5\libgcc.a(_clear_bss.o)
 .data          0x00000000        0x0 c:/program files (x86)/atmel/studio/7.0/toolchain/avr8/avr8-gnu-toolchain/bin/../lib/gcc/avr/5.4.0/avr5\libgcc.a(_clear_bss.o)
 .bss           0x00000000        0x0 c:/program files (x86)/atmel/studio/7.0/toolchain/avr8/avr8-gnu-toolchain/bin/../lib/gcc/avr/5.4.0/avr5\libgcc.a(_clear_bss.o)
 .text.libgcc.mul
                0x00000000        0x0 c:/program files (x86)/atmel/studio/7.0/toolchain/avr8/avr8-gnu-toolchain/bin/../lib/gcc/avr/5.4.0/avr5\libgcc.a(_clear_bss.o)
 .text.libgcc.div
                0x00000000        0x0 c:/program files (x86)/atmel/studio/7.0/toolchain/avr8/avr8-gnu-toolchain/bin/../lib/gcc/avr/5.4.0/avr5\libgcc.a(_clear_bss.o)
 .text.libgcc   0x00000000        0x0 c:/program files (x86)/atmel/studio/7.0/toolchain/avr8/avr8-gnu-toolchain/bin/../lib/gcc/avr/5.4.0/avr5\libgcc.a(_clear_bss.o)
 .text.libgcc.prologue
                0x00000000        0x0 c:/program files (x86)/atmel/studio/7.0/toolchain/avr8/avr8-gnu-toolchain/bin/../lib/gcc/avr/5.4.0/avr5\libgcc.a(_clear_bss.o)
 .text.libgcc.builtins
                0x00000000        0x0 c:/program files (x86)/atmel/studio/7.0/toolchain/avr8/avr8-gnu-toolchain/bin/../lib/gcc/avr/5.4.0/avr5\libgcc.a(_clear_bss.o)
 .text.libgcc.fmul
                0x00000000        0x0 c:/program files (x86)/atmel/studio/7.0/toolchain/avr8/avr8-gnu-toolchain/bin/../lib/gcc/avr/5.4.0/avr5\libgcc.a(_clear_bss.o)
 .text.libgcc.fixed
                0x00000000        0x0 c:/program files (x86)/atmel/studio/7.0/toolchain/avr8/avr8-gnu-toolchain/bin/../lib/gcc/avr/5.4.0/avr5\libgcc.a(_clear_bss.o)
 .text          0x00000000        0x0 c:/program files (x86)/atmel/studio/7.0/toolchain/avr8/avr8-gnu-toolchain/bin/../lib/gcc/avr/5.4.0/avr5\libgcc.a(_umulhisi3.o)
 .data          0x00000000        0x0 c:/program files (x86)/atmel/studio/7.0/toolchain/avr8/avr8-gnu-toolchain/bin/../lib/gcc/avr/5.4.0/avr5\libgcc.a(_umulhisi3.o)
 .bss           0x00000000        0x0 c:/program files (x86)/atmel/studio/7.0/toolchain/avr8/avr8-gnu-toolchain/bin/../lib/gcc/avr/5.4.0/avr5\libgcc.a(_umulhisi3.o)
 .text.libgcc.mul
                0x00000000       0x1e c:/program files (x86)/atmel/studio/7.0/toolchain/avr8/avr8-gnu-toolchain/bin/../lib/gcc/avr/5.4.0/avr5\libgcc.a(_umulhisi3.o)
 .text.libgcc.div
                0x00000000        0x0 c:/program files (x86)/atmel/studio/7.0/toolchain/avr8/avr8-gnu-toolchain/bin/../lib/gcc/avr/5.4.0/avr5\libgcc.a(_umulhisi3.o)
 .text.libgcc   0x00000000        0x0 c:/program files (x86)/atmel/studio/7.0/toolchain/avr8/avr8-gnu-toolchain/bin/../lib/gcc/avr/5.4.0/avr5\libgcc.a(_umulhisi3.o)
 .text.libgcc.prologue
                0x00000000        0x0 c:/program files (x86)/atmel/studio/7.0/toolchain/avr8/avr8-gnu-toolchain/bin/../lib/gcc/avr/5.4.0/avr5\libgcc.a(_umulhisi3.o)
 .text.libgcc.builtins
                0x00000000        0x0 c:/program files (x86)/atmel/studio/7.0/toolchain/avr8/avr8-gnu-toolchain/bin/../lib/gcc/avr/5.4.0/avr5\libgcc.a(_umulhisi3.o)
 .text.libgcc.fmul
                0x00000000        0x0 c:/program files (x86)/atmel/studio/7.0/toolchain/avr8/avr8-gnu-toolchain/bin/../lib/gcc/avr/5.4.0/avr5\libgcc.a(_umulhisi3.o)
 .text.libgcc.fixed
                0x00000000        0x0 c:/program files (x86)/atmel/studio/7.0/toolchain/avr8/avr8-gnu-toolchain/bin/../lib/gcc/avr/5.4.0/avr5\libgcc.a(_umulhisi3.o)
 .text          0x00000000        0x0 c:/program files (x86)/atmel/studio/7.0/toolchain/avr8/avr8-gnu-toolchain/bin/../lib/gcc/avr/5.4.0/avr5\libgcc.a(_muluhisi3.o)
 .data          0x00000000        0x0 c:/program files (x86)/atmel/studio/7.0/toolchain/avr8/avr8-gnu-toolchain/bin/../lib/gcc/avr/5.4.0/avr5\libgcc.a(_muluhisi3.o)
 .bss           0x00000000        0x0 c:/program files (x86)/atmel/studio/7.0/toolchain/avr8/avr8-gnu-toolchain/bin/../lib/gcc/avr/5.4.0/avr5\libgcc.a(_muluhisi3.o)
 .text.libgcc.mul
                0x00000000       0x16 c:/program files (x86)/atmel/studio/7.0/toolchain/avr8/avr8-gnu-toolchain/bin/../lib/gcc/avr/5.4.0/avr5\libgcc.a(_muluhisi3.o)
 .text.libgcc.div
                0x00000000        0x0 c:/program files (x86)/atmel/studio/7.0/toolchain/avr8/avr8-gnu-toolchain/bin/../lib/gcc/avr/5.4.0/avr5\libgcc.a(_muluhisi3.o)
 .text.libgcc   0x00000000        0x0 c:/program files (x86)/atmel/studio/7.0/toolchain/avr8/avr8-gnu-toolchain/bin/../lib/gcc/avr/5.4.0/avr5\libgcc.a(_muluhisi3.o)
 .text.libgcc.prologue
                0x00000000        0x0 c:/program files (x86)/atmel/studio/7.0/toolchain/avr8/avr8-gnu-toolchain/bin/../lib/gcc/avr/5.4.0/avr5\libgcc.a(_muluhisi3.o)
 .text.libgcc.builtins
                0x00000000        0x0 c:/program files (x86)/atmel/studio/7.0/toolchain/avr8/avr8-gnu-toolchain/bin/../lib/gcc/avr/5.4.0/avr5\libgcc.a(_muluhisi3.o)
 .text.libgcc.fmul
                0x00000000        0x0 c:/program files (x86)/atmel/studio/7.0/toolchain/avr8/avr8-gnu-toolchain/bin/../lib/gcc/avr/5.4.0/avr5\libgcc.a(_muluhisi3.o)
 .text.libgcc.fixed
                0x00000000        0x0 c:/program files (x86)/atmel/studio/7.0/toolchain/avr8/avr8-gnu-toolchain/bin/../lib/gcc/avr/5.4.0/avr5\libgcc.a(_muluhisi3.o)
 .text          0x00000000        0x0 c:/program files (x86)/atmel/studio/7.0/toolchain/avr8/avr8-gnu-toolchain/bin/../lib/gcc/avr/5.4.0/avr5\libgcc.a(_udivmodhi4.o)
 .data          0x00000000        0x0 c:/program files (x86)/atmel/studio/7.0/toolchain/avr8/avr8-gnu-toolchain/bin/../lib/gcc/avr/5.4.0/avr5\libgcc.a(_udivmodhi4.o)
 .bss           0x00000000        0x0 c:/program files (x86)/atmel/studio/7.0/toolchain/avr8/avr8-gnu-toolchain/bin/../lib/gcc/avr/5.4.0/avr5\libgcc.a(_udivmodhi4.o)
 .text.libgcc.mul
                0x00000000        0x0 c:/program files (x86)/atmel/studio/7.0/toolchain/avr8/avr8-gnu-toolchain/bin/../lib/gcc/avr/5.4.0/avr5\libgcc.a(_udivmodhi4.o)
 .text.libgcc.div
                0x00000000       0x28 c:/program files (x86)/atmel/studio/7.0/toolchain/avr8/avr8-gnu-toolchain/bin/../lib/gcc/avr/5.4.0/avr5\libgcc.a(_udivmodhi4.o)
 .text.libgcc   0x00000000        0x0 c:/program files (x86)/atmel/studio/7.0/toolchain/avr8/avr8-gnu-toolchain/bin/../lib/gcc/avr/5.4.0/avr5\libgcc.a(_udivmodhi4.o)
 .text.libgcc.prologue
                0x00000000        0x0 c:/program files (x86)/atmel/studio/7.0/toolchain/avr8/avr8-gnu-toolchain/bin/../lib/gcc/avr/5.4.0/avr5\libgcc.a(_udivmodhi4.o)
 .text.libgcc.builtins
                0x00000000        0x0 c:/program files (x86)/atmel/studio/7.0/toolchain/avr8/avr8-gnu-toolchain/bin/../lib/gcc/avr/5.4.0/avr5\libgcc.a(_udivmodhi4.o)
 .text.libgcc.fmul
                0x00000000        0x0 c:/program files (x86)/atmel/studio/7.0/toolchain/avr8/avr8-gnu-toolchain/bin/../lib/gcc/avr/5.4.0/avr5\libgcc.a(_udivmodhi4.o)
 .text.libgcc.fixed
                0x00000000        0x0 c:/program files (x86)/atmel/studio/7.0/toolchain/avr8/avr8-gnu-toolchain/bin/../lib/gcc/avr/5.4.0/avr5\libgcc.a(_udivmodhi4.o)

Memory Configuration

Name             Origin             Length             Attributes
text             0x00000000         0x00020000         xr
data             0x00800060         0x0000ffa0         rw !x
eeprom           0x00810000         0x00010000         rw !x
fuse             0x00820000         0x00000002         rw !x
lock             0x00830000         0x00000400         rw !x
signature        0x00840000         0x00000400         rw !x
user_signatures  0x00850000         0x00000400         rw !x
*default*        0x00000000         0xffffffff

Linker script and memory map

LOAD C:/Program Files (x86)/Atmel/Studio/7.0/Packs/atmel/ATmega_DFP/1.2.209/gcc/dev/atmega32/avr5/crtatmega32.o
LOAD APP/main.o
LOAD HAL/BUZZER/BUZZER.o
LOAD HAL/DC_MOTOR/DC_MOTOR.o
LOAD HAL/EEPROM_24C16/EEPROM_24C16.o
LOAD HAL/KEY_PAD/KYE_PAD.o
LOAD HAL/LCD/LCD.o
LOAD HAL/LED/LED.o
LOAD HAL/P_B/P_B.o
LOAD HAL/RELAY/RELAY.o
LOAD HAL/SERVO_MOTOR/SERVO_MOTOR.o
LOAD HAL/S_SEG/S_SEG.o
LOAD HAL/TEMP_S/TEMP_S.o
LOAD MCAL/ADC/ADC.o
LOAD MCAL/DIO/DIO.o
LOAD MCAL/EEPROM/EEPROM.o
LOAD MCAL/EX_INT/EX_INT.o
LOAD MCAL/SPI/SPI.o
LOAD MCAL/TIMER/TIMER.o
LOAD MCAL/TWI/TWI.o
LOAD MCAL/UART/UART.o
LOAD MCAL/WDT/WDT.o
START GROUP
LOAD c:/program files (x86)/atmel/studio/7.0/toolchain/avr8/avr8-gnu-toolchain/bin/../lib/gcc/avr/5.4.0/../../../../avr/lib/avr5\libm.a
END GROUP
START GROUP
LOAD c:/program files (x86)/atmel/studio/7.0/toolchain/avr8/avr8-gnu-toolchain/bin/../lib/gcc/avr/5.4.0/avr5\libgcc.a
LOAD c:/program files (x86)/atmel/studio/7.0/toolchain/avr8/avr8-gnu-toolchain/bin/../lib/gcc/avr/5.4.0/../../../../avr/lib/avr5\libm.a
LOAD c:/program files (x86)/atmel/studio/7.0/toolchain/avr8/avr8-gnu-toolchain/bin/../lib/gcc/avr/5.4.0/../../../../avr/lib/avr5\libc.a
LOAD C:/Program Files (x86)/Atmel/Studio/7.0/Packs/atmel/ATmega_DFP/1.2.209/gcc/dev/atmega32/avr5\libatmega32.a
END GROUP
                0x00000000                __TEXT_REGION_ORIGIN__ = DEFINED (__TEXT_REGION_ORIGIN__)?__TEXT_REGION_ORIGIN__:0x0
                0x00800060                __DATA_REGION_ORIGIN__ = DEFINED (__DATA_REGION_ORIGIN__)?__DATA_REGION_ORIGIN__:0x800060
                0x00020000                __TEXT_REGION_LENGTH__ = DEFINED (__TEXT_REGION_LENGTH__)?__TEXT_REGION_LENGTH__:0x20000
                0x0000ffa0                __DATA_REGION_LENGTH__ = DEFINED (__DATA_REGION_LENGTH__)?__DATA_REGION_LENGTH__:0xffa0
                0x00010000                __EEPROM_REGION_LENGTH__ = DEFINED (__EEPROM_REGION_LENGTH__)?__EEPROM_REGION_LENGTH__:0x10000
                [0x00000002]                __FUSE_REGION_LENGTH__ = DEFINED (__FUSE_REGION_LENGTH__)?__FUSE_REGION_LENGTH__:0x400
                0x00000400                __LOCK_REGION_LENGTH__ = DEFINED (__LOCK_REGION_LENGTH__)?__LOCK_REGION_LENGTH__:0x400
                0x00000400                __SIGNATURE_REGION_LENGTH__ = DEFINED (__SIGNATURE_REGION_LENGTH__)?__SIGNATURE_REGION_LENGTH__:0x400
                0x00000400                __USER_SIGNATURE_REGION_LENGTH__ = DEFINED (__USER_SIGNATURE_REGION_LENGTH__)?__USER_SIGNATURE_REGION_LENGTH__:0x400

.hash
 *(.hash)

.dynsym
 *(.dynsym)

.dynstr
 *(.dynstr)

.gnu.version
 *(.gnu.version)

.gnu.version_d
 *(.gnu.version_d)

.gnu.version_r
 *(.gnu.version_r)

.rel.init
 *(.rel.init)

.rela.init
 *(.rela.init)

.rel.text
 *(.rel.text)
 *(.rel.text.*)
 *(.rel.gnu.linkonce.t*)

.rela.text
 *(.rela.text)
 *(.rela.text.*)
 *(.rela.gnu.linkonce.t*)

.rel.fini
 *(.rel.fini)

.rela.fini
 *(.rela.fini)

.rel.rodata
 *(.rel.rodata)
 *(.rel.rodata.*)
 *(.rel.gnu.linkonce.r*)

.rela.rodata
 *(.rela.rodata)
 *(.rela.rodata.*)
 *(.rela.gnu.linkonce.r*)

.rel.data
 *(.rel.data)
 *(.rel.data.*)
 *(.rel.gnu.linkonce.d*)

.rela.data
 *(.rela.data)
 *(.rela.data.*)
 *(.rela.gnu.linkonce.d*)

.rel.ctors
 *(.rel.ctors)

.rela.ctors
 *(.rela.ctors)

.rel.dtors
 *(.rel.dtors)

.rela.dtors
 *(.rela.dtors)

.rel.got
 *(.rel.got)

.rela.got
 *(.rela.got)

.rel.bss
 *(.rel.bss)

.rela.bss
 *(.rela.bss)

.rel.plt
 *(.rel.plt)

.rela.plt
 *(.rela.plt)

.text           0x00000000      0x9f6
 *(.vectors)
 .vectors       0x00000000       0x54 C:/Program Files (x86)/Atmel/Studio/7.0/Packs/atmel/ATmega_DFP/1.2.209/gcc/dev/atmega32/avr5/crtatmega32.o
                0x00000000                __vector_default
                0x00000000                __vectors
 *(.vectors)
 *(.progmem.gcc*)
 .progmem.gcc_sw_table.S_SEG_DISPLAY
                0x00000054       0x28 HAL/S_SEG/S_SEG.o
                0x0000007c                . = ALIGN (0x2)
                0x0000007c                __trampolines_start = .
 *(.trampolines)
 .trampolines   0x0000007c        0x0 linker stubs
 *(.trampolines*)
                0x0000007c                __trampolines_end = .
 *libprintf_flt.a:*(.progmem.data)
 *libc.a:*(.progmem.data)
 *(.progmem*)
                0x0000007c                . = ALIGN (0x2)
 *(.jumptables)
 *(.jumptables*)
 *(.lowtext)
 *(.lowtext*)
                0x0000007c                __ctors_start = .
 *(.ctors)
                0x0000007c                __ctors_end = .
                0x0000007c                __dtors_start = .
 *(.dtors)
                0x0000007c                __dtors_end = .
 SORT(*)(.ctors)
 SORT(*)(.dtors)
 *(.init0)
 .init0         0x0000007c        0x0 C:/Program Files (x86)/Atmel/Studio/7.0/Packs/atmel/ATmega_DFP/1.2.209/gcc/dev/atmega32/avr5/crtatmega32.o
                0x0000007c                __init
 *(.init0)
 *(.init1)
 *(.init1)
 *(.init2)
 .init2         0x0000007c        0xc C:/Program Files (x86)/Atmel/Studio/7.0/Packs/atmel/ATmega_DFP/1.2.209/gcc/dev/atmega32/avr5/crtatmega32.o
 *(.init2)
 *(.init3)
 *(.init3)
 *(.init4)
 .init4         0x00000088       0x16 c:/program files (x86)/atmel/studio/7.0/toolchain/avr8/avr8-gnu-toolchain/bin/../lib/gcc/avr/5.4.0/avr5\libgcc.a(_copy_data.o)
                0x00000088                __do_copy_data
 .init4         0x0000009e       0x10 c:/program files (x86)/atmel/studio/7.0/toolchain/avr8/avr8-gnu-toolchain/bin/../lib/gcc/avr/5.4.0/avr5\libgcc.a(_clear_bss.o)
                0x0000009e                __do_clear_bss
 *(.init4)
 *(.init5)
 *(.init5)
 *(.init6)
 *(.init6)
 *(.init7)
 *(.init7)
 *(.init8)
 *(.init8)
 *(.init9)
 .init9         0x000000ae        0x8 C:/Program Files (x86)/Atmel/Studio/7.0/Packs/atmel/ATmega_DFP/1.2.209/gcc/dev/atmega32/avr5/crtatmega32.o
 *(.init9)
 *(.text)
 .text          0x000000b6        0x4 C:/Program Files (x86)/Atmel/Studio/7.0/Packs/atmel/ATmega_DFP/1.2.209/gcc/dev/atmega32/avr5/crtatmega32.o
                0x000000b6                __vector_1
                0x000000b6                __vector_12
                0x000000b6                __bad_interrupt
                0x000000b6                __vector_6
                0x000000b6                __vector_3
                0x000000b6                __vector_11
                0x000000b6                __vector_13
                0x000000b6                __vector_17
                0x000000b6                __vector_19
                0x000000b6                __vector_7
                0x000000b6                __vector_5
                0x000000b6                __vector_4
                0x000000b6                __vector_9
                0x000000b6                __vector_2
                0x000000b6                __vector_15
                0x000000b6                __vector_8
                0x000000b6                __vector_14
                0x000000b6                __vector_10
                0x000000b6                __vector_16
                0x000000b6                __vector_18
                0x000000b6                __vector_20
                0x000000ba                . = ALIGN (0x2)
 *(.text.*)
 .text.main     0x000000ba       0x30 APP/main.o
                0x000000ba                main
 .text.EEPROM_24C16_INIT
                0x000000ea        0x6 HAL/EEPROM_24C16/EEPROM_24C16.o
                0x000000ea                EEPROM_24C16_INIT
 .text.EEPROM_24C16_WRITE
                0x000000f0       0x34 HAL/EEPROM_24C16/EEPROM_24C16.o
                0x000000f0                EEPROM_24C16_WRITE
 .text.EEPROM_24C16_READ
                0x00000124       0x2e HAL/EEPROM_24C16/EEPROM_24C16.o
                0x00000124                EEPROM_24C16_READ
 .text.S_SEG_INIT
                0x00000152       0x3a HAL/S_SEG/S_SEG.o
                0x00000152                S_SEG_INIT
 .text.S_SEG_DISPLAY
                0x0000018c      0x362 HAL/S_SEG/S_SEG.o
                0x0000018c                S_SEG_DISPLAY
 .text.PIN_MODE
                0x000004ee      0x1de MCAL/DIO/DIO.o
                0x000004ee                PIN_MODE
 .text.PIN_WRITE
                0x000006cc      0x1de MCAL/DIO/DIO.o
                0x000006cc                PIN_WRITE
 .text.TWI_MASTER_INIT
                0x000008aa       0x1e MCAL/TWI/TWI.o
                0x000008aa                TWI_MASTER_INIT
 .text.TWI_START_CONDETION
                0x000008c8       0x2e MCAL/TWI/TWI.o
                0x000008c8                TWI_START_CONDETION
 .text.TWI_REPEATED_START
                0x000008f6       0x2e MCAL/TWI/TWI.o
                0x000008f6                TWI_REPEATED_START
 .text.TWI_SEND_SLAVE_ADDRESS_WRITE
                0x00000924       0x1a MCAL/TWI/TWI.o
                0x00000924                TWI_SEND_SLAVE_ADDRESS_WRITE
 .text.TWI_SEND_SLAVE_ADDRESS_READ
                0x0000093e       0x2e MCAL/TWI/TWI.o
                0x0000093e                TWI_SEND_SLAVE_ADDRESS_READ
 .text.TWI_SEND_DATA
                0x0000096c       0x30 MCAL/TWI/TWI.o
                0x0000096c                TWI_SEND_DATA
 .text.TWI_READ_DATA
                0x0000099c       0x3c MCAL/TWI/TWI.o
                0x0000099c                TWI_READ_DATA
 .text.TWI_STOP_CONDETION
                0x000009d8        0xe MCAL/TWI/TWI.o
                0x000009d8                TWI_STOP_CONDETION
 .text.libgcc   0x000009e6        0xc c:/program files (x86)/atmel/studio/7.0/toolchain/avr8/avr8-gnu-toolchain/bin/../lib/gcc/avr/5.4.0/avr5\libgcc.a(_tablejump2.o)
                0x000009e6                __tablejump2__
                0x000009f2                . = ALIGN (0x2)
 *(.fini9)
 .fini9         0x000009f2        0x0 c:/program files (x86)/atmel/studio/7.0/toolchain/avr8/avr8-gnu-toolchain/bin/../lib/gcc/avr/5.4.0/avr5\libgcc.a(_exit.o)
                0x000009f2                _exit
                0x000009f2                exit
 *(.fini9)
 *(.fini8)
 *(.fini8)
 *(.fini7)
 *(.fini7)
 *(.fini6)
 *(.fini6)
 *(.fini5)
 *(.fini5)
 *(.fini4)
 *(.fini4)
 *(.fini3)
 *(.fini3)
 *(.fini2)
 *(.fini2)
 *(.fini1)
 *(.fini1)
 *(.fini0)
 .fini0         0x000009f2        0x4 c:/program files (x86)/atmel/studio/7.0/toolchain/avr8/avr8-gnu-toolchain/bin/../lib/gcc/avr/5.4.0/avr5\libgcc.a(_exit.o)
 *(.fini0)
                0x000009f6                _etext = .

.data           0x00800060        0x0 load address 0x000009f6
                0x00800060                PROVIDE (__data_start, .)
 *(.data)
 *(.data*)
 *(.gnu.linkonce.d*)
 *(.rodata)
 *(.rodata*)
 *(.gnu.linkonce.r*)
                0x00800060                . = ALIGN (0x2)
                0x00800060                _edata = .
                0x00800060                PROVIDE (__data_end, .)

.bss            0x00800060        0x0
                0x00800060                PROVIDE (__bss_start, .)
 *(.bss)
 *(.bss*)
 *(COMMON)
                0x00800060                PROVIDE (__bss_end, .)
                0x000009f6                __data_load_start = LOADADDR (.data)
                0x000009f6                __data_load_end = (__data_load_start + SIZEOF (.data))

.noinit         0x00800060        0x0
                [!provide]                PROVIDE (__noinit_start, .)
 *(.noinit*)
                [!provide]                PROVIDE (__noinit_end, .)
                0x00800060                _end = .
                [!provide]                PROVIDE (__heap_start, .)

.eeprom         0x00810000        0x0
 *(.eeprom*)
                0x00810000                __eeprom_end = .

.fuse
 *(.fuse)
 *(.lfuse)
 *(.hfuse)
 *(.efuse)

.lock
 *(.lock*)

.signature
 *(.signature*)

.user_signatures
 *(.user_signatures*)

.stab
 *(.stab)

.stabstr
 *(.stabstr)

.stab.excl
 *(.stab.excl)

.stab.exclstr
 *(.stab.exclstr)

.stab.index
 *(.stab.index)

.stab.indexstr
 *(.stab.indexstr)

.comment        0x00000000       0x60
 *(.comment)
 .comment       0x00000000       0x30 APP/main.o
                                 0x31 (size before relaxing)
 .comment       0x00000030       0x30 HAL/EEPROM_24C16/EEPROM_24C16.o
                                 0x31 (size before relaxing)
 .comment       0x00000060       0x31 HAL/S_SEG/S_SEG.o
 .comment       0x00000060       0x31 MCAL/DIO/DIO.o
 .comment       0x00000060       0x31 MCAL/TWI/TWI.o

.note.gnu.avr.deviceinfo
                0x00000000       0x3c
 .note.gnu.avr.deviceinfo
                0x00000000       0x3c C:/Program Files (x86)/Atmel/Studio/7.0/Packs/atmel/ATmega_DFP/1.2.209/gcc/dev/atmega32/avr5/crtatmega32.o

.note.gnu.build-id
 *(.note.gnu.build-id)

.debug
 *(.debug)

.line
 *(.line)

.debug_srcinfo
 *(.debug_srcinfo)

.debug_sfnames
 *(.debug_sfnames)

.debug_aranges  0x00000000      0x150
 *(.debug_aranges)
 .debug_aranges
                0x00000000       0x20 APP/main.o
 .debug_aranges
                0x00000020       0x30 HAL/EEPROM_24C16/EEPROM_24C16.o
 .debug_aranges
                0x00000050       0x38 HAL/S_SEG/S_SEG.o
 .debug_aranges
                0x00000088       0x68 MCAL/DIO/DIO.o
 .debug_aranges
                0x000000f0       0x60 MCAL/TWI/TWI.o

.debug_pubnames
 *(.debug_pubnames)

.debug_info     0x00000000     0x2c87
 *(.debug_info .gnu.linkonce.wi.*)
 .debug_info    0x00000000      0x4e6 C:/Program Files (x86)/Atmel/Studio/7.0/Packs/atmel/ATmega_DFP/1.2.209/gcc/dev/atmega32/avr5/crtatmega32.o
 .debug_info    0x000004e6      0x159 APP/main.o
 .debug_info    0x0000063f      0x2b5 HAL/EEPROM_24C16/EEPROM_24C16.o
 .debug_info    0x000008f4     0x1d8d HAL/S_SEG/S_SEG.o
 .debug_info    0x00002681      0x2d3 MCAL/DIO/DIO.o
 .debug_info    0x00002954      0x333 MCAL/TWI/TWI.o

.debug_abbrev   0x00000000      0xa69
 *(.debug_abbrev)
 .debug_abbrev  0x00000000      0x4a3 C:/Program Files (x86)/Atmel/Studio/7.0/Packs/atmel/ATmega_DFP/1.2.209/gcc/dev/atmega32/avr5/crtatmega32.o
 .debug_abbrev  0x000004a3       0xa8 APP/main.o
 .debug_abbrev  0x0000054b      0x152 HAL/EEPROM_24C16/EEPROM_24C16.o
 .debug_abbrev  0x0000069d      0x1b3 HAL/S_SEG/S_SEG.o
 .debug_abbrev  0x00000850      0x101 MCAL/DIO/DIO.o
 .debug_abbrev  0x00000951      0x118 MCAL/TWI/TWI.o

.debug_line     0x00000000     0x147e
 *(.debug_line .debug_line.* .debug_line_end)
 .debug_line    0x00000000      0x115 C:/Program Files (x86)/Atmel/Studio/7.0/Packs/atmel/ATmega_DFP/1.2.209/gcc/dev/atmega32/avr5/crtatmega32.o
 .debug_line    0x00000115       0xcf APP/main.o
 .debug_line    0x000001e4      0x1cd HAL/EEPROM_24C16/EEPROM_24C16.o
 .debug_line    0x000003b1      0x9f2 HAL/S_SEG/S_SEG.o
 .debug_line    0x00000da3      0x3f7 MCAL/DIO/DIO.o
 .debug_line    0x0000119a      0x2e4 MCAL/TWI/TWI.o

.debug_frame    0x00000000      0x2cc
 *(.debug_frame)
 .debug_frame   0x00000000       0x24 APP/main.o
 .debug_frame   0x00000024       0x58 HAL/EEPROM_24C16/EEPROM_24C16.o
 .debug_frame   0x0000007c       0xf8 HAL/S_SEG/S_SEG.o
 .debug_frame   0x00000174       0xb4 MCAL/DIO/DIO.o
 .debug_frame   0x00000228       0xa4 MCAL/TWI/TWI.o

.debug_str      0x00000000      0x5f5
 *(.debug_str)
 .debug_str     0x00000000      0x196 C:/Program Files (x86)/Atmel/Studio/7.0/Packs/atmel/ATmega_DFP/1.2.209/gcc/dev/atmega32/avr5/crtatmega32.o
 .debug_str     0x00000196      0x1b3 APP/main.o
                                0x1ee (size before relaxing)
 .debug_str     0x00000349      0x167 HAL/EEPROM_24C16/EEPROM_24C16.o
                                0x2da (size before relaxing)
 .debug_str     0x000004b0       0x5f HAL/S_SEG/S_SEG.o
                                0x247 (size before relaxing)
 .debug_str     0x0000050f       0x86 MCAL/DIO/DIO.o
                                0x1f8 (size before relaxing)
 .debug_str     0x00000595       0x60 MCAL/TWI/TWI.o
                                0x28c (size before relaxing)

.debug_loc      0x00000000     0x1bd6
 *(.debug_loc)
 .debug_loc     0x00000000       0x36 APP/main.o
 .debug_loc     0x00000036      0x152 HAL/EEPROM_24C16/EEPROM_24C16.o
 .debug_loc     0x00000188      0x5ca HAL/S_SEG/S_SEG.o
 .debug_loc     0x00000752     0x1246 MCAL/DIO/DIO.o
 .debug_loc     0x00001998      0x23e MCAL/TWI/TWI.o

.debug_macinfo
 *(.debug_macinfo)

.debug_weaknames
 *(.debug_weaknames)

.debug_funcnames
 *(.debug_funcnames)

.debug_typenames
 *(.debug_typenames)

.debug_varnames
 *(.debug_varnames)

.debug_pubtypes
 *(.debug_pubtypes)

.debug_ranges   0x00000000      0x160
 *(.debug_ranges)
 .debug_ranges  0x00000000       0x10 APP/main.o
 .debug_ranges  0x00000010       0x20 HAL/EEPROM_24C16/EEPROM_24C16.o
 .debug_ranges  0x00000030       0x88 HAL/S_SEG/S_SEG.o
 .debug_ranges  0x000000b8       0x58 MCAL/DIO/DIO.o
 .debug_ranges  0x00000110       0x50 MCAL/TWI/TWI.o

.debug_macro
 *(.debug_macro)
OUTPUT(GccApplication1.elf elf32-avr)
LOAD linker stubs
